../Core/Src/main.c:114:6:delay_us	16	static
../Core/Src/main.c:120:6:set_pin_output	40	static
../Core/Src/main.c:129:6:set_pin_input	40	static
../Core/Src/main.c:138:9:DS18B20_start	16	static
../Core/Src/main.c:163:6:DS18B20_write	24	static
../Core/Src/main.c:194:9:DS18B20_read	16	static
../Core/Src/main.c:224:5:main	24	static
../Core/Src/main.c:361:6:SystemClock_Config	88	static
../Core/Src/main.c:416:13:MX_TIM6_Init	16	static
../Core/Src/main.c:454:13:MX_TIM7_Init	16	static
../Core/Src/main.c:492:13:MX_TIM8_Init	80	static
../Core/Src/main.c:557:13:MX_USART2_UART_Init	8	static
../Core/Src/main.c:590:13:MX_GPIO_Init	48	static
../Core/Src/main.c:626:6:HAL_TIM_PeriodElapsedCallback	16	static
../Core/Src/main.c:632:7:read_temperature	16	static
../Core/Src/main.c:659:6:set_duty_cycle	24	static
../Core/Src/main.c:676:7:pi_controller	128	static
../Core/Src/main.c:736:6:Error_Handler	4	static,ignoring_inline_asm
